// Jest Snapshot v1, https://goo.gl/fbAQLP

exports[`ResultCard should match snapshot 1`] = `
<ContextProvider
  value={
    Object {
      "colors": Object {
        "beigeLight": "#e2d5ca",
        "black": "#000000",
        "blackOpaque": "rgba(0, 0, 0, 0.5)",
        "brown": "#492e22",
        "brown2": "#a6816a",
        "grey": "#dbd8d7",
        "grey2": "#969696",
        "red": "#d43d69",
        "sage": "#209971",
        "white": "#FFFFFF",
      },
      "fonts": Object {
        "bold": "Lato",
        "decorated": "Besley",
        "regular": "Lato",
      },
      "maxPageWidth": 1500,
    }
  }
>
  <Provider
    store={
      Object {
        "clearActions": [Function],
        "dispatch": [Function],
        "getActions": [Function],
        "getState": [Function],
        "replaceReducer": [Function],
        "subscribe": [Function],
      }
    }
  >
    <ForwardRef
      shop={
        Object {
          "categories": Array [
            Object {
              "icon": Object {
                "prefix": "https://ss3.4sqi.net/img/categories_v2/food/burger_",
                "suffix": ".png",
              },
              "id": 13031,
              "name": "Burger Joint",
            },
            Object {
              "icon": Object {
                "prefix": "https://ss3.4sqi.net/img/categories_v2/food/cafe_",
                "suffix": ".png",
              },
              "id": 13034,
              "name": "CafÃ©",
            },
            Object {
              "icon": Object {
                "prefix": "https://ss3.4sqi.net/img/categories_v2/food/coffeeshop_",
                "suffix": ".png",
              },
              "id": 13035,
              "name": "Coffee Shop",
            },
          ],
          "fsq_id": "49c2e861f964a5203f561fe3",
          "location": Object {
            "address": "1022 SW Harvey Milk St",
            "country": "US",
            "cross_street": "at SW 11th Ave.",
            "dma": "Portland, Or",
            "formatted_address": "1022 SW Harvey Milk St (at SW 11th Ave.), Portland, OR 97205",
            "locality": "Portland",
            "neighborhood": Array [
              "Chinatown",
            ],
            "postcode": "97205",
            "region": "OR",
          },
          "name": "Stumptown Coffee Roasters",
          "photos": Array [
            Object {
              "created_at": "2012-05-08T01:05:51.000Z",
              "height": 540,
              "id": "4fa8716fe4b0f380f2a34417",
              "prefix": "https://fastly.4sqi.net/img/general/",
              "suffix": "/nr5BD9e-ugF4OlKEr3kekomATxSlhAk9uUMfbgFms48.jpg",
              "width": 720,
            },
            Object {
              "classifications": Array [
                "food",
              ],
              "created_at": "2012-03-14T23:13:40.000Z",
              "height": 540,
              "id": "4f612624e4b0deb11b0d5119",
              "prefix": "https://fastly.4sqi.net/img/general/",
              "suffix": "/QzWHmQZu_TIGm8yTBiMACU1dU9QQARt80YFdsj5y37I.jpg",
              "width": 720,
            },
            Object {
              "created_at": "2012-12-30T18:56:57.000Z",
              "height": 612,
              "id": "50e08e79e4b0cf8b435cc233",
              "prefix": "https://fastly.4sqi.net/img/general/",
              "suffix": "/5081071_D9R6MynBglWCG_dwE5HoWnO0KIILCDxovdpS-MrvErw.jpg",
              "width": 612,
            },
            Object {
              "created_at": "2013-05-09T15:51:23.000Z",
              "height": 1920,
              "id": "518bc5fb498ec40717d07446",
              "prefix": "https://fastly.4sqi.net/img/general/",
              "suffix": "/3093239_zhAhqFc8vKh3AmbzTl8I1H_dz4Uo2U22FRxL2aFWf9A.jpg",
              "width": 1440,
            },
            Object {
              "created_at": "2012-05-03T18:30:11.000Z",
              "height": 537,
              "id": "4fa2ceb3e4b01ab96b096506",
              "prefix": "https://fastly.4sqi.net/img/general/",
              "suffix": "/z0asVCOU40wzBcoaumuVxRO6yEGS93Mg8elWn8mJRfs.jpg",
              "width": 720,
            },
          ],
          "price": 1,
          "rating": 9,
        }
      }
      viewDetails={[MockFunction]}
    />
  </Provider>
</ContextProvider>
`;
